// Jest Snapshot v1, https://goo.gl/fbAQLP

exports[`ImageConfigView Component should render correctly and match snapshot 1`] = `
<div>
  <div>
    <div>
      Image Configuration
    </div>
    <div>
      <div>
        <label
          for="format"
        >
          Format
        </label>
        <input
          id="format"
          readonly=""
          type="text"
          value="jpeg"
        />
      </div>
      <div>
        <label
          for="compression"
        >
          Compression
        </label>
        <input
          id="compression"
          readonly=""
          type="number"
          value="0.8"
        />
      </div>
      <div>
        <label
          for="width"
        >
          Width
        </label>
        <input
          id="width"
          readonly=""
          type="number"
          value="100"
        />
      </div>
      <div>
        <label
          for="height"
        >
          Height
        </label>
        <input
          id="height"
          readonly=""
          type="number"
          value="100"
        />
      </div>
      <div>
        <label
          for="quality"
        >
          Quality
        </label>
        <input
          id="quality"
          readonly=""
          type="number"
          value="80"
        />
      </div>
    </div>
    <div>
      <div />
    </div>
    <div>
      <button>
        Generate Image
      </button>
      <button>
        Reset
      </button>
    </div>
  </div>
</div>
`;
